RegionIN865.c:107:13:VerifyTxFreq.isra.1	16	static
RegionIN865.c:163:12:RegionIN865GetPhyParam	8	static
RegionIN865.c:310:6:RegionIN865SetBandTxDone	8	static
RegionIN865.c:315:6:RegionIN865InitDefaults	16	static
RegionIN865.c:345:6:RegionIN865Verify	8	static
RegionIN865.c:438:6:RegionIN865ChanMaskSet	8	static
RegionIN865.c:458:6:RegionIN865AdrNext	40	static
RegionIN865.c:518:6:RegionIN865ComputeRxWindowParameters	48	static
RegionIN865.c:540:6:RegionIN865RxConfig	72	static
RegionIN865.c:596:6:RegionIN865TxConfig	88	static
RegionIN865.c:631:9:RegionIN865LinkAdrReq	80	static
RegionIN865.c:735:9:RegionIN865RxParamSetupReq	24	static
RegionIN865.c:813:8:RegionIN865TxParamSetupReq	0	static
RegionIN865.c:818:9:RegionIN865DlChannelReq	8	static
RegionIN865.c:844:8:RegionIN865AlternateDr	8	static
RegionIN865.c:875:6:RegionIN865CalcBackOff	32	static
RegionIN865.c:891:6:RegionIN865NextChannel	64	static
RegionIN865.c:945:17:RegionIN865ChannelAdd	24	static
RegionIN865.c:1020:6:RegionIN865ChannelsRemove	8	static
RegionIN865.c:385:6:RegionIN865ApplyCFList	48	static
RegionIN865.c:760:9:RegionIN865NewChannelReq	16	static
RegionIN865.c:1035:6:RegionIN865SetContinuousWave	24	static
RegionIN865.c:1047:9:RegionIN865ApplyDrOffset	0	static
