RegionEU433.c:103:13:VerifyTxFreq	16	static
RegionEU433.c:159:12:RegionEU433GetPhyParam	8	static
RegionEU433.c:306:6:RegionEU433SetBandTxDone	8	static
RegionEU433.c:311:6:RegionEU433InitDefaults	16	static
RegionEU433.c:341:6:RegionEU433Verify	8	static
RegionEU433.c:434:6:RegionEU433ChanMaskSet	8	static
RegionEU433.c:454:6:RegionEU433AdrNext	40	static
RegionEU433.c:514:6:RegionEU433ComputeRxWindowParameters	48	static
RegionEU433.c:536:6:RegionEU433RxConfig	72	static
RegionEU433.c:592:6:RegionEU433TxConfig	88	static
RegionEU433.c:627:9:RegionEU433LinkAdrReq	80	static
RegionEU433.c:731:9:RegionEU433RxParamSetupReq	24	static
RegionEU433.c:809:8:RegionEU433TxParamSetupReq	0	static
RegionEU433.c:814:9:RegionEU433DlChannelReq	8	static
RegionEU433.c:839:8:RegionEU433AlternateDr	8	static
RegionEU433.c:870:6:RegionEU433CalcBackOff	32	static
RegionEU433.c:886:6:RegionEU433NextChannel	64	static
RegionEU433.c:940:17:RegionEU433ChannelAdd	24	static
RegionEU433.c:1015:6:RegionEU433ChannelsRemove	8	static
RegionEU433.c:381:6:RegionEU433ApplyCFList	48	static
RegionEU433.c:756:9:RegionEU433NewChannelReq	16	static
RegionEU433.c:1030:6:RegionEU433SetContinuousWave	24	static
RegionEU433.c:1042:9:RegionEU433ApplyDrOffset	0	static
