RegionUS915-Hybrid.c:98:13:ReenableChannels.constprop	20	static
RegionUS915-Hybrid.c:153:13:ValidateChannelsMask	56	static
RegionUS915-Hybrid.c:242:12:RegionUS915HybridGetPhyParam	8	static
RegionUS915-Hybrid.c:385:6:RegionUS915HybridSetBandTxDone	8	static
RegionUS915-Hybrid.c:390:6:RegionUS915HybridInitDefaults	16	static
RegionUS915-Hybrid.c:443:6:RegionUS915HybridVerify	8	static
RegionUS915-Hybrid.c:483:6:RegionUS915HybridApplyCFList	0	static
RegionUS915-Hybrid.c:488:6:RegionUS915HybridChanMaskSet	24	static
RegionUS915-Hybrid.c:528:6:RegionUS915HybridAdrNext	40	static
RegionUS915-Hybrid.c:588:6:RegionUS915HybridComputeRxWindowParameters	48	static
RegionUS915-Hybrid.c:603:6:RegionUS915HybridRxConfig	80	static
RegionUS915-Hybrid.c:644:6:RegionUS915HybridTxConfig	88	static
RegionUS915-Hybrid.c:669:9:RegionUS915HybridLinkAdrReq	88	static
RegionUS915-Hybrid.c:785:9:RegionUS915HybridRxParamSetupReq	24	static
RegionUS915-Hybrid.c:819:9:RegionUS915HybridNewChannelReq	0	static
RegionUS915-Hybrid.c:825:8:RegionUS915HybridTxParamSetupReq	0	static
RegionUS915-Hybrid.c:830:9:RegionUS915HybridDlChannelReq	0	static
RegionUS915-Hybrid.c:835:8:RegionUS915HybridAlternateDr	8	static
RegionUS915-Hybrid.c:853:6:RegionUS915HybridCalcBackOff	32	static
RegionUS915-Hybrid.c:869:6:RegionUS915HybridNextChannel	136	static
RegionUS915-Hybrid.c:933:17:RegionUS915HybridChannelAdd	0	static
RegionUS915-Hybrid.c:938:6:RegionUS915HybridChannelsRemove	0	static
RegionUS915-Hybrid.c:943:6:RegionUS915HybridSetContinuousWave	32	static
RegionUS915-Hybrid.c:955:9:RegionUS915HybridApplyDrOffset	0	static
