RegionEU868.c:107:13:VerifyTxFreq	24	static
RegionEU868.c:188:12:RegionEU868GetPhyParam	8	static
RegionEU868.c:335:6:RegionEU868SetBandTxDone	8	static
RegionEU868.c:340:6:RegionEU868InitDefaults	16	static
RegionEU868.c:370:6:RegionEU868Verify	8	static
RegionEU868.c:463:6:RegionEU868ChanMaskSet	8	static
RegionEU868.c:483:6:RegionEU868AdrNext	40	static
RegionEU868.c:543:6:RegionEU868ComputeRxWindowParameters	48	static
RegionEU868.c:565:6:RegionEU868RxConfig	72	static
RegionEU868.c:622:6:RegionEU868TxConfig	88	static
RegionEU868.c:657:9:RegionEU868LinkAdrReq	80	static
RegionEU868.c:761:9:RegionEU868RxParamSetupReq	24	static
RegionEU868.c:839:8:RegionEU868TxParamSetupReq	0	static
RegionEU868.c:844:9:RegionEU868DlChannelReq	16	static
RegionEU868.c:870:8:RegionEU868AlternateDr	8	static
RegionEU868.c:901:6:RegionEU868CalcBackOff	32	static
RegionEU868.c:917:6:RegionEU868NextChannel	64	static
RegionEU868.c:971:17:RegionEU868ChannelAdd	40	static
RegionEU868.c:1046:6:RegionEU868ChannelsRemove	8	static
RegionEU868.c:410:6:RegionEU868ApplyCFList	48	static
RegionEU868.c:786:9:RegionEU868NewChannelReq	16	static
RegionEU868.c:1061:6:RegionEU868SetContinuousWave	24	static
RegionEU868.c:1073:9:RegionEU868ApplyDrOffset	0	static
