RegionCN779.c:103:13:VerifyTxFreq	16	static
RegionCN779.c:159:12:RegionCN779GetPhyParam	8	static
RegionCN779.c:306:6:RegionCN779SetBandTxDone	8	static
RegionCN779.c:311:6:RegionCN779InitDefaults	16	static
RegionCN779.c:341:6:RegionCN779Verify	8	static
RegionCN779.c:434:6:RegionCN779ChanMaskSet	8	static
RegionCN779.c:454:6:RegionCN779AdrNext	40	static
RegionCN779.c:514:6:RegionCN779ComputeRxWindowParameters	48	static
RegionCN779.c:536:6:RegionCN779RxConfig	72	static
RegionCN779.c:592:6:RegionCN779TxConfig	88	static
RegionCN779.c:627:9:RegionCN779LinkAdrReq	80	static
RegionCN779.c:731:9:RegionCN779RxParamSetupReq	24	static
RegionCN779.c:809:8:RegionCN779TxParamSetupReq	0	static
RegionCN779.c:814:9:RegionCN779DlChannelReq	8	static
RegionCN779.c:839:8:RegionCN779AlternateDr	8	static
RegionCN779.c:870:6:RegionCN779CalcBackOff	32	static
RegionCN779.c:886:6:RegionCN779NextChannel	64	static
RegionCN779.c:940:17:RegionCN779ChannelAdd	24	static
RegionCN779.c:1015:6:RegionCN779ChannelsRemove	8	static
RegionCN779.c:381:6:RegionCN779ApplyCFList	48	static
RegionCN779.c:756:9:RegionCN779NewChannelReq	16	static
RegionCN779.c:1030:6:RegionCN779SetContinuousWave	24	static
RegionCN779.c:1042:9:RegionCN779ApplyDrOffset	0	static
