Region.c:555:6:RegionIsActive	0	static
Region.c:576:12:RegionGetPhyParam	8	static
Region.c:598:6:RegionSetBandTxDone	8	static
Region.c:619:6:RegionInitDefaults	8	static
Region.c:640:6:RegionVerify	8	static
Region.c:661:6:RegionApplyCFList	8	static
Region.c:682:6:RegionChanMaskSet	8	static
Region.c:703:6:RegionAdrNext	8	static
Region.c:724:6:RegionComputeRxWindowParameters	8	static
Region.c:745:6:RegionRxConfig	8	static
Region.c:766:6:RegionTxConfig	8	static
Region.c:787:9:RegionLinkAdrReq	16	static
Region.c:808:9:RegionRxParamSetupReq	8	static
Region.c:829:9:RegionNewChannelReq	8	static
Region.c:850:8:RegionTxParamSetupReq	8	static
Region.c:871:9:RegionDlChannelReq	8	static
Region.c:892:8:RegionAlternateDr	8	static
Region.c:913:6:RegionCalcBackOff	8	static
Region.c:934:6:RegionNextChannel	8	static
Region.c:955:17:RegionChannelAdd	8	static
Region.c:976:6:RegionChannelsRemove	8	static
Region.c:997:6:RegionSetContinuousWave	8	static
Region.c:1018:9:RegionApplyDrOffset	8	static
