RegionAU915.c:142:12:RegionAU915GetPhyParam	8	static
RegionAU915.c:289:6:RegionAU915SetBandTxDone	8	static
RegionAU915.c:294:6:RegionAU915InitDefaults	16	static
RegionAU915.c:349:6:RegionAU915Verify	8	static
RegionAU915.c:386:6:RegionAU915ApplyCFList	0	static
RegionAU915.c:391:6:RegionAU915ChanMaskSet	16	static
RegionAU915.c:427:6:RegionAU915AdrNext	40	static
RegionAU915.c:492:6:RegionAU915ComputeRxWindowParameters	48	static
RegionAU915.c:507:6:RegionAU915RxConfig	80	static
RegionAU915.c:548:6:RegionAU915TxConfig	88	static
RegionAU915.c:573:9:RegionAU915LinkAdrReq	88	static
RegionAU915.c:684:9:RegionAU915RxParamSetupReq	24	static
RegionAU915.c:718:9:RegionAU915NewChannelReq	0	static
RegionAU915.c:724:8:RegionAU915TxParamSetupReq	0	static
RegionAU915.c:729:9:RegionAU915DlChannelReq	0	static
RegionAU915.c:734:8:RegionAU915AlternateDr	0	static
RegionAU915.c:752:6:RegionAU915CalcBackOff	32	static
RegionAU915.c:768:6:RegionAU915NextChannel	136	static
RegionAU915.c:832:17:RegionAU915ChannelAdd	0	static
RegionAU915.c:837:6:RegionAU915ChannelsRemove	0	static
RegionAU915.c:842:6:RegionAU915SetContinuousWave	24	static
RegionAU915.c:854:9:RegionAU915ApplyDrOffset	0	static
