RegionAS923.c:103:13:VerifyTxFreq	16	static
RegionAS923.c:159:12:RegionAS923GetPhyParam	8	static
RegionAS923.c:345:6:RegionAS923SetBandTxDone	8	static
RegionAS923.c:350:6:RegionAS923InitDefaults	16	static
RegionAS923.c:379:6:RegionAS923Verify	8	static
RegionAS923.c:481:6:RegionAS923ChanMaskSet	8	static
RegionAS923.c:501:6:RegionAS923AdrNext	56	static
RegionAS923.c:571:6:RegionAS923ComputeRxWindowParameters	48	static
RegionAS923.c:593:6:RegionAS923RxConfig	72	static
RegionAS923.c:651:6:RegionAS923TxConfig	88	static
RegionAS923.c:685:9:RegionAS923LinkAdrReq	88	static
RegionAS923.c:789:9:RegionAS923RxParamSetupReq	24	static
RegionAS923.c:867:8:RegionAS923TxParamSetupReq	0	static
RegionAS923.c:873:9:RegionAS923DlChannelReq	8	static
RegionAS923.c:898:8:RegionAS923AlternateDr	0	static
RegionAS923.c:904:6:RegionAS923CalcBackOff	32	static
RegionAS923.c:920:6:RegionAS923NextChannel	64	static
RegionAS923.c:986:17:RegionAS923ChannelAdd	24	static
RegionAS923.c:1061:6:RegionAS923ChannelsRemove	8	static
RegionAS923.c:428:6:RegionAS923ApplyCFList	48	static
RegionAS923.c:814:9:RegionAS923NewChannelReq	16	static
RegionAS923.c:1076:6:RegionAS923SetContinuousWave	24	static
RegionAS923.c:1088:9:RegionAS923ApplyDrOffset	0	static
