RegionKR920.c:113:13:VerifyTxFreq	16	static
RegionKR920.c:178:12:RegionKR920GetPhyParam	8	static
RegionKR920.c:329:6:RegionKR920SetBandTxDone	8	static
RegionKR920.c:334:6:RegionKR920InitDefaults	16	static
RegionKR920.c:364:6:RegionKR920Verify	8	static
RegionKR920.c:457:6:RegionKR920ChanMaskSet	8	static
RegionKR920.c:477:6:RegionKR920AdrNext	40	static
RegionKR920.c:537:6:RegionKR920ComputeRxWindowParameters	48	static
RegionKR920.c:552:6:RegionKR920RxConfig	80	static
RegionKR920.c:590:6:RegionKR920TxConfig	88	static
RegionKR920.c:620:9:RegionKR920LinkAdrReq	80	static
RegionKR920.c:724:9:RegionKR920RxParamSetupReq	24	static
RegionKR920.c:802:8:RegionKR920TxParamSetupReq	0	static
RegionKR920.c:807:9:RegionKR920DlChannelReq	8	static
RegionKR920.c:832:8:RegionKR920AlternateDr	8	static
RegionKR920.c:863:6:RegionKR920CalcBackOff	32	static
RegionKR920.c:879:6:RegionKR920NextChannel	64	static
RegionKR920.c:945:17:RegionKR920ChannelAdd	24	static
RegionKR920.c:1011:6:RegionKR920ChannelsRemove	8	static
RegionKR920.c:404:6:RegionKR920ApplyCFList	48	static
RegionKR920.c:749:9:RegionKR920NewChannelReq	16	static
RegionKR920.c:1026:6:RegionKR920SetContinuousWave	32	static
RegionKR920.c:1043:9:RegionKR920ApplyDrOffset	0	static
