RegionUS915.c:153:12:RegionUS915GetPhyParam	8	static
RegionUS915.c:296:6:RegionUS915SetBandTxDone	8	static
RegionUS915.c:301:6:RegionUS915InitDefaults	16	static
RegionUS915.c:356:6:RegionUS915Verify	8	static
RegionUS915.c:396:6:RegionUS915ApplyCFList	0	static
RegionUS915.c:401:6:RegionUS915ChanMaskSet	16	static
RegionUS915.c:435:6:RegionUS915AdrNext	40	static
RegionUS915.c:500:6:RegionUS915ComputeRxWindowParameters	48	static
RegionUS915.c:515:6:RegionUS915RxConfig	80	static
RegionUS915.c:556:6:RegionUS915TxConfig	88	static
RegionUS915.c:581:9:RegionUS915LinkAdrReq	88	static
RegionUS915.c:692:9:RegionUS915RxParamSetupReq	24	static
RegionUS915.c:726:9:RegionUS915NewChannelReq	0	static
RegionUS915.c:732:8:RegionUS915TxParamSetupReq	0	static
RegionUS915.c:737:9:RegionUS915DlChannelReq	0	static
RegionUS915.c:742:8:RegionUS915AlternateDr	0	static
RegionUS915.c:760:6:RegionUS915CalcBackOff	32	static
RegionUS915.c:776:6:RegionUS915NextChannel	136	static
RegionUS915.c:840:17:RegionUS915ChannelAdd	0	static
RegionUS915.c:845:6:RegionUS915ChannelsRemove	0	static
RegionUS915.c:850:6:RegionUS915SetContinuousWave	32	static
RegionUS915.c:862:9:RegionUS915ApplyDrOffset	0	static
