RegionCN470.c:137:12:RegionCN470GetPhyParam	8	static
RegionCN470.c:284:6:RegionCN470SetBandTxDone	8	static
RegionCN470.c:289:6:RegionCN470InitDefaults	16	static
RegionCN470.c:329:6:RegionCN470Verify	8	static
RegionCN470.c:366:6:RegionCN470ApplyCFList	0	static
RegionCN470.c:371:6:RegionCN470ChanMaskSet	8	static
RegionCN470.c:391:6:RegionCN470AdrNext	40	static
RegionCN470.c:456:6:RegionCN470ComputeRxWindowParameters	48	static
RegionCN470.c:471:6:RegionCN470RxConfig	80	static
RegionCN470.c:512:6:RegionCN470TxConfig	80	static
RegionCN470.c:536:9:RegionCN470LinkAdrReq	88	static
RegionCN470.c:632:9:RegionCN470RxParamSetupReq	24	static
RegionCN470.c:661:9:RegionCN470NewChannelReq	0	static
RegionCN470.c:667:8:RegionCN470TxParamSetupReq	0	static
RegionCN470.c:672:9:RegionCN470DlChannelReq	0	static
RegionCN470.c:677:8:RegionCN470AlternateDr	8	static
RegionCN470.c:708:6:RegionCN470CalcBackOff	32	static
RegionCN470.c:724:6:RegionCN470NextChannel	160	static
RegionCN470.c:783:17:RegionCN470ChannelAdd	0	static
RegionCN470.c:788:6:RegionCN470ChannelsRemove	0	static
RegionCN470.c:793:6:RegionCN470SetContinuousWave	24	static
RegionCN470.c:805:9:RegionCN470ApplyDrOffset	0	static
