LoRaMac.c:2005:13:ResetMacParameters	20	static
LoRaMac.c:1518:13:ValidatePayloadLength	24	static
LoRaMac.c:1491:13:OnAckTimeoutTimerEvent	8	static
LoRaMac.c:684:13:PrepareRxDoneAbort	8	static
LoRaMac.c:1506:13:RxWindowSetup	8	static
LoRaMac.c:1444:13:OnRxWindow1TimerEvent	24	static
LoRaMac.c:1465:13:OnRxWindow2TimerEvent	16	static
LoRaMac.c:1120:13:OnRadioTxTimeout	16	static
LoRaMac.c:611:13:OnRadioTxDone	48	static
LoRaMac.c:1171:13:OnRadioRxTimeout	24	static
LoRaMac.c:1136:13:OnRadioRxError	16	static
LoRaMac.c:1699:13:ProcessMacCommands	80	static
LoRaMac.c:701:13:OnRadioRxDone	104	static
LoRaMac.c:2054:17:PrepareFrame	72	static
LoRaMac.c:2220:17:SendFrameOnChannel	56	static
LoRaMac.c:1909:24:ScheduleTx	48	static
LoRaMac.c:1878:17:Send	32	static
LoRaMac.c:1413:13:OnTxDelayedTimerEvent	48	static
LoRaMac.c:1210:13:OnMacStateCheckTimerEvent	32	static
LoRaMac.c:2262:17:SetTxContinuousWave	40	static
LoRaMac.c:2284:17:SetTxContinuousWave1	16	static
LoRaMac.c:2297:17:LoRaMacInitialization	40	static
LoRaMac.c:2445:17:LoRaMacQueryTxPossible	72	static
LoRaMac.c:2507:17:LoRaMacMibGetRequestConfirm	16	static
LoRaMac.c:2687:17:LoRaMacMibSetRequestConfirm	48	static
LoRaMac.c:2992:17:LoRaMacChannelAdd	40	static
LoRaMac.c:3011:17:LoRaMacChannelRemove	16	static
LoRaMac.c:3032:17:LoRaMacMulticastChannelLink	8	static
LoRaMac.c:3067:17:LoRaMacMulticastChannelUnlink	0	static
LoRaMac.c:3106:17:LoRaMacMlmeRequest	40	static
LoRaMac.c:3216:17:LoRaMacMcpsRequest	56	static
LoRaMac.c:3327:6:LoRaMacTestRxWindowsOn	0	static
LoRaMac.c:3332:6:LoRaMacTestSetMic	0	static
LoRaMac.c:3338:6:LoRaMacTestSetDutyCycleOn	16	static
LoRaMac.c:3350:6:LoRaMacTestSetChannel	0	static
