sx1272.c:374:16:GetFskBandwidthRegValue	8	static
sx1272.c:1672:6:SX1272OnDio4Irq	0	static
sx1272.c:246:6:SX1272BoardInit	0	static
sx1272.c:283:14:SX1272GetStatus	0	static
sx1272.c:1060:6:SX1272Reset	40	static
sx1272.c:1146:6:SX1272WriteBuffer	16	static
sx1272.c:1134:6:SX1272Write	16	static
sx1272.c:288:6:SX1272SetChannel	16	static
sx1272.c:1163:6:SX1272ReadBuffer	16	static
sx1272.c:1139:9:SX1272Read	16	static
sx1272.c:657:10:SX1272GetTimeOnAir	40	static
sx1272.c:1041:9:SX1272ReadRssi	8	static
sx1272.c:1083:6:SX1272SetOpMode	16	static
sx1272.c:788:6:SX1272SetSleep	8	static
sx1272.c:797:6:SX1272SetStby	8	static
sx1272.c:806:6:SX1272SetRx	24	static
sx1272.c:925:6:SX1272SetTx	16	static
sx1272.c:988:6:SX1272StartCad	16	static
sx1272.c:1097:6:SX1272SetModem	8	static
sx1272.c:251:10:SX1272Init	16	static
sx1272.c:301:6:SX1272IsChannelFree	24	static
sx1272.c:332:10:SX1272Random	16	static
sx1272.c:389:6:SX1272SetRxConfig	72	static
sx1272.c:532:6:SX1272SetTxConfig	56	static
sx1272.c:1021:6:SX1272SetTxContinuousWave	56	static
sx1272.c:1568:6:SX1272OnDio2Irq	16	static
sx1272.c:1641:6:SX1272OnDio3Irq	16	static
sx1272.c:1181:6:SX1272WriteFifo	8	static
sx1272.c:714:6:SX1272Send	32	static
sx1272.c:1186:6:SX1272ReadFifo	8	static
sx1272.c:1302:6:SX1272OnDio0Irq	32	static
sx1272.c:1490:6:SX1272OnDio1Irq	16	static
sx1272.c:1191:6:SX1272SetMaxPayloadLength	16	static
sx1272.c:1209:6:SX1272SetPublicNetwork	8	static
sx1272.c:1230:6:SX1272OnTimeoutIrq	16	static
sx1272.c:1225:10:SX1272GetRadioWakeUpTime	8	static
sx1272.c:1691:6:SX1272OnDio5Irq	0	static
